// Jest Snapshot v1, https://goo.gl/fbAQLP

exports[`React MMap test should make react map 1`] = `
{
  "attributes": {
    "class": "mappable--map-container",
  },
  "children": [
    {
      "attributes": {
        "class": "mappable--map",
        "style": "width: 640px; height: 480px;",
      },
      "children": [
        {
          "attributes": {
            "class": "mappable--main-engine-container",
          },
          "children": [
            {
              "attributes": {},
              "children": [
                {
                  "attributes": {
                    "class": "mappable--layer mappable--tile-layer",
                    "style": "perspective: 895.6921938165306px; opacity: 1;",
                  },
                  "children": [
                    {
                      "attributes": {
                        "class": "mappable--tile-layer__container",
                        "data-z": "12",
                        "style": "transform: 
            rotateX(0.00000rad)
            translate3d(0px, 0px, 0px)
            rotateZ(0.00000rad) translate3d(0px, 0px, 0px)
        ;",
                      },
                      "nodeName": "mappable",
                    },
                  ],
                  "nodeName": "mappable",
                },
              ],
              "nodeName": "mappable",
            },
          ],
          "nodeName": "mappable",
        },
        {
          "attributes": {
            "class": "mappable--top-engine-container",
          },
          "children": [
            {
              "attributes": {},
              "children": [
                {
                  "attributes": {
                    "class": "mappable--layer mappable--graphics-layer",
                    "style": "perspective: 895.6921938165306px; opacity: 1; display: none;",
                  },
                  "children": [
                    {
                      "attributes": {
                        "xlink": "http://www.w3.org/1999/xlink",
                      },
                      "children": [
                        {
                          "attributes": {},
                          "nodeName": "g",
                        },
                      ],
                      "nodeName": "svg",
                    },
                  ],
                  "nodeName": "mappable",
                },
                {
                  "attributes": {
                    "class": "mappable--layer mappable--marker-layer",
                    "style": "opacity: 1; transform-origin: 320px 240px;",
                  },
                  "nodeName": "mappable",
                },
              ],
              "nodeName": "mappable",
            },
          ],
          "nodeName": "mappable",
        },
      ],
      "nodeName": "mappable",
    },
    {
      "attributes": {
        "class": "mappable--controls mappable--controls_center mappable--controls_left mappable--controls_vertical",
      },
      "children": [
        {
          "attributes": {
            "class": "mappable--control mappable--control__background",
          },
          "children": [
            {
              "attributes": {},
              "children": [
                "test control",
              ],
              "nodeName": "div",
            },
          ],
          "nodeName": "mappable",
        },
      ],
      "nodeName": "mappable",
    },
    {
      "attributes": {
        "class": "mappable--map-copyrights mappable--map-copyrights_bottom mappable--map-copyrights_right",
      },
      "children": [
        {
          "attributes": {
            "class": "mappable--map-copyrights__container",
          },
          "children": [
            {
              "attributes": {
                "class": "mappable--map-copyrights__text",
              },
              "nodeName": "span",
            },
            {
              "attributes": {
                "class": "mappable--map-copyrights__user-agreements",
                "href": "https://mappable.world/legal/tos",
                "target": "_blank",
              },
              "children": [
                "User Agreement",
              ],
              "nodeName": "a",
            },
          ],
          "nodeName": "div",
        },
        {
          "attributes": {
            "class": "mappable--icon-logo-en-black mappable--map-copyrights__logo",
            "style": "width: 80px; height: 20px;",
          },
          "nodeName": "span",
        },
        {
          "attributes": {
            "class": "mappable--map-copyrights__scale",
          },
          "nodeName": "div",
        },
      ],
      "nodeName": "div",
    },
  ],
  "nodeName": "mappable",
}
`;
